C51 COMPILER V9.00   BLUETEETH                                                             04/15/2017 18:27:27 PAGE 1   


C51 COMPILER V9.00, COMPILATION OF MODULE BLUETEETH
OBJECT MODULE PLACED IN blueteeth.OBJ
COMPILER INVOKED BY: D:\SoftwareInstall\dev\keil\C51\BIN\C51.EXE blueteeth.c BROWSE DEBUG OBJECTEXTEND

line level    source

   1          /*-----------------------------------------------
   2            名称：蓝牙调用函数库
   3            编写：夏杰
   4            日期：2017.4.15
   5            内容：蓝牙模块相关控制函数
   6          ------------------------------------------------*/
   7          #include "sc.h"
   8          
   9          
  10          
  11          /*-----------------------------------------------
  12            TODO：蓝牙模块初始化
  13            参数：
  14            编写：夏杰
  15            日期：2017.4.
  16          ------------------------------------------------*/
  17          void blueteeth_init()
  18          {
  19   1              ;
  20   1      }


MODULE INFORMATION:   STATIC OVERLAYABLE
   CODE SIZE        =      1    ----
   CONSTANT SIZE    =   ----    ----
   XDATA SIZE       =   ----    ----
   PDATA SIZE       =   ----    ----
   DATA SIZE        =   ----    ----
   IDATA SIZE       =   ----    ----
   BIT SIZE         =   ----    ----
END OF MODULE INFORMATION.


C51 COMPILATION COMPLETE.  0 WARNING(S),  0 ERROR(S)
