C51 COMPILER V9.00   SC                                                                    04/15/2017 18:27:28 PAGE 1   


C51 COMPILER V9.00, COMPILATION OF MODULE SC
OBJECT MODULE PLACED IN sc.OBJ
COMPILER INVOKED BY: D:\SoftwareInstall\dev\keil\C51\BIN\C51.EXE sc.c BROWSE DEBUG OBJECTEXTEND

line level    source

   1          /*-----------------------------------------------
   2            名称：程序主控文件
   3            编写：夏杰
   4            日期：2017.4.1
   5            内容：程序入口，及主要控制部分
   6          ------------------------------------------------*/
   7          #include "sc.h"
   8          
   9          
  10          
  11          
  12          /*-----------------------------------------------
  13            TODO：主函数
  14            参数：
  15            编写：夏杰
  16            日期：2017.4.1
  17          ------------------------------------------------*/
  18          void main()
  19          {
  20   1      
  21   1              // 系统初始化
  22   1              sc_init();
  23   1      
  24   1              while(1)
  25   1              {
  26   2                      // 舵机控制
  27   2                      steer_duty = steer_left_duty;
  28   2                      DelayMs(200);
  29   2                      steer_duty = steer_right_duty;
  30   2                      DelayMs(200);
  31   2      
  32   2                      // 电平驱动左电机正转
  33   2                      motor_left_in = MOTOR_ON;
  34   2                      motor_left_out = MOTOR_OFF;
  35   2                      // 电平驱动     
  36   2                      motor_right_in = MOTOR_ON;
  37   2                      motor_right_out = MOTOR_OFF;
  38   2              }
  39   1      
  40   1      
  41   1      }
  42          
  43          
  44          
  45          
  46          
  47          
  48          
  49          
  50          
  51          
  52          
  53          
  54          
  55          
C51 COMPILER V9.00   SC                                                                    04/15/2017 18:27:28 PAGE 2   



MODULE INFORMATION:   STATIC OVERLAYABLE
   CODE SIZE        =     33    ----
   CONSTANT SIZE    =   ----    ----
   XDATA SIZE       =   ----    ----
   PDATA SIZE       =   ----    ----
   DATA SIZE        =   ----    ----
   IDATA SIZE       =   ----    ----
   BIT SIZE         =   ----    ----
END OF MODULE INFORMATION.


C51 COMPILATION COMPLETE.  0 WARNING(S),  0 ERROR(S)
