C51 COMPILER V9.00   SC                                                                    04/24/2017 16:26:41 PAGE 1   


C51 COMPILER V9.00, COMPILATION OF MODULE SC
OBJECT MODULE PLACED IN sc.OBJ
COMPILER INVOKED BY: D:\SoftwareInstall\dev\keil\C51\BIN\C51.EXE sc.c BROWSE DEBUG OBJECTEXTEND

line level    source

   1          /*-----------------------------------------------
   2            名称：程序主控文件
   3            编写：夏杰
   4            日期：2017.4.1
   5            内容：程序入口，及主要控制部分
   6          ------------------------------------------------*/
   7          #include "sc.h"
   8          
   9          
  10          
  11          
  12          /*-----------------------------------------------
  13            TODO：主函数
  14            参数：
  15            编写：夏杰
  16            日期：2017.4.1
  17          ------------------------------------------------*/
  18          void main()
  19          {
  20   1      
  21   1              // 系统初始化
  22   1              sc_init();
  23   1      
  24   1              // 
  25   1              led_wirte_str(20, 0, "xzit-XiaJie");
  26   1      
  27   1              while(1)
  28   1              {
  29   2                      // 电平驱动左电机正转
  30   2                      motor_left_in = MOTOR_ON;
  31   2                      motor_left_out = MOTOR_OFF;
  32   2                      // 电平驱动右电机正转   
  33   2                      motor_right_in = MOTOR_ON;
  34   2                      motor_right_out = MOTOR_OFF;
  35   2                      steer_duty = steer_left_duty;
  36   2                      if(led_refresh_flag == 1)
  37   2                      {
  38   3                              led_refresh_flag = 0;
  39   3                              led_write_num(10, 2, timer_s_counter/5);
  40   3                      }
  41   2      
  42   2      
  43   2              }
  44   1      
  45   1      
  46   1      }
  47          
  48          
  49          
  50          
  51          
  52          
  53          
  54          
  55          
C51 COMPILER V9.00   SC                                                                    04/24/2017 16:26:41 PAGE 2   

  56          
  57          
  58          
  59          
  60          


MODULE INFORMATION:   STATIC OVERLAYABLE
   CODE SIZE        =     51    ----
   CONSTANT SIZE    =     12    ----
   XDATA SIZE       =   ----    ----
   PDATA SIZE       =   ----    ----
   DATA SIZE        =   ----    ----
   IDATA SIZE       =   ----    ----
   BIT SIZE         =   ----    ----
END OF MODULE INFORMATION.


C51 COMPILATION COMPLETE.  0 WARNING(S),  0 ERROR(S)
