C51 COMPILER V9.00   SC                                                                    04/28/2017 11:23:02 PAGE 1   


C51 COMPILER V9.00, COMPILATION OF MODULE SC
OBJECT MODULE PLACED IN sc.OBJ
COMPILER INVOKED BY: D:\SoftwareInstall\dev\keil\C51\BIN\C51.EXE sc.c BROWSE DEBUG OBJECTEXTEND

line level    source

   1          /*-----------------------------------------------
   2            名称：程序主控文件
   3            编写：夏杰
   4            日期：2017.4.1
   5            内容：程序入口，及主要控制部分
   6          ------------------------------------------------*/
   7          #include "sc.h"
   8          
   9          
  10          
  11          
  12          /*-----------------------------------------------
  13            TODO：主函数
  14            参数：
  15            编写：夏杰
  16            日期：2017.4.1
  17          ------------------------------------------------*/
  18          void main()
  19          {
  20   1      
  21   1              // 系统初始化
  22   1              sc_init();
  23   1      
  24   1              DelayMs(500);
  25   1      
  26   1              // 液晶布局
  27   1              led_wirte_str(20, 0, "xzit-Xia Jie");
  28   1      
  29   1              while(1)
  30   1              {
  31   2                      // 停车
  32   2                      if(rec_data == 0)
  33   2                      {
  34   3                              motor_left_stop();
  35   3                              motor_right_stop();
  36   3                              steer_middle();                 
  37   3                      } 
  38   2                      // 前进
  39   2                      else if(rec_data == 1) 
  40   2                      {
  41   3                              motor_left_forward(100);
  42   3                              motor_right_forward(100);
  43   3                              steer_middle(); 
  44   3                      }
  45   2                      // 倒车
  46   2                      else if(rec_data == 2) 
  47   2                      {
  48   3                              motor_left_back(100);
  49   3                              motor_right_back(100);
  50   3                              steer_middle(); 
  51   3                      }
  52   2                      // 左转
  53   2                      else if(rec_data == 3) 
  54   2                      {
  55   3                              motor_left_forward(100);
C51 COMPILER V9.00   SC                                                                    04/28/2017 11:23:02 PAGE 2   

  56   3                              motor_right_forward(100);
  57   3                              steer_left();   
  58   3                      }
  59   2                      // 右转
  60   2                      else if(rec_data == 4)
  61   2                      {
  62   3                              motor_left_forward(100);
  63   3                              motor_right_forward(100);
  64   3                              steer_right();
  65   3                      }
  66   2      
  67   2                      // 液晶刷新
  68   2                      if(led_refresh_flag == 1)
  69   2                      {
  70   3                              led_refresh_flag = 0;
  71   3                              led_write_num(10, 2, rec_data);
  72   3                      }
  73   2      
  74   2      
  75   2              }
  76   1      
  77   1      
  78   1      }
  79          
  80          
  81          
  82          
  83          
  84          
  85          
  86          
  87          
  88          
  89          
  90          
  91          
  92          


MODULE INFORMATION:   STATIC OVERLAYABLE
   CODE SIZE        =    145    ----
   CONSTANT SIZE    =     13    ----
   XDATA SIZE       =   ----    ----
   PDATA SIZE       =   ----    ----
   DATA SIZE        =   ----    ----
   IDATA SIZE       =   ----    ----
   BIT SIZE         =   ----    ----
END OF MODULE INFORMATION.


C51 COMPILATION COMPLETE.  0 WARNING(S),  0 ERROR(S)
