C51 COMPILER V9.00   SC                                                                    03/29/2017 21:10:30 PAGE 1   


C51 COMPILER V9.00, COMPILATION OF MODULE SC
OBJECT MODULE PLACED IN sc.OBJ
COMPILER INVOKED BY: D:\SoftwareInstall\dev\keil\C51\BIN\C51.EXE sc.c BROWSE DEBUG OBJECTEXTEND

line level    source

   1          #include "sc.h"
   2          
   3          
   4          
   5          
   6          
   7          void main()
   8          {
   9   1              // 系统初始化
  10   1      
  11   1              init_blueteeth();
  12   1              
  13   1              // 初始化延迟
  14   1              DelayMs(500);   
  15   1      
  16   1      
  17   1      
  18   1      
  19   1      
  20   1      
  21   1      
  22   1      
  23   1      
  24   1      }


MODULE INFORMATION:   STATIC OVERLAYABLE
   CODE SIZE        =      8    ----
   CONSTANT SIZE    =   ----    ----
   XDATA SIZE       =   ----    ----
   PDATA SIZE       =   ----    ----
   DATA SIZE        =   ----    ----
   IDATA SIZE       =   ----    ----
   BIT SIZE         =   ----    ----
END OF MODULE INFORMATION.


C51 COMPILATION COMPLETE.  0 WARNING(S),  0 ERROR(S)
